// Jest Snapshot v1, https://goo.gl/fbAQLP

exports[`HomePage component should render successfully 1`] = `null`;
