// Jest Snapshot v1, https://goo.gl/fbAQLP

exports[`NotFound component should render successfully 1`] = `null`;
